// Jest Snapshot v1, https://goo.gl/fbAQLP

exports[`Navigation snapshot 1`] = `
<Fragment>
  <Styled(NavLink)
    exact={true}
    to="/"
  >
    All in one
  </Styled(NavLink)>
  <Styled(NavLink)
    to="/reddit"
  >
    Reddit
  </Styled(NavLink)>
  <Styled(NavLink)
    to="/hn"
  >
    HN
  </Styled(NavLink)>
</Fragment>
`;
